Godot Engine v4.7.2.stable.official.ed1daf0bf - https://godotengine.org
OpenGL API 3.3.0 Core Profile Context 26.8.1.260810 - Compatibility - Using Device: ATI Technologies Inc. - AMD Radeon 780M Graphics

Saved: category-01-01.png
Saved: category-01-02.png
Saved: category-02-01.png
Saved: category-03-01.png
Saved: category-04-01.png
Saved: category-05-01.png
Saved: category-05-02.png
Saved: category-06-01.png
Saved: category-07-01.png
Saved: category-07-02.png
Saved: category-08-01.png
Saved: category-09-01.png
Saved: category-09-02.png
Saved: category-10-01.png
Saved: category-10-02.png
Saved: category-11-01.png
Saved: category-11-02.png
Saved: category-12-01.png
Saved: category-12-02.png
Saved: category-13-01.png
Saved: category-14-01.png
Saved: category-15-01.png
Saved: cover.png
PASS: 22 category sheets cover 187 rows / 185 names, plus one cover.
